queries	branchB	branchAChild2
branchAChild1	8.0	9.0
branchCChild1	4.0	3.0
branchA	6.0	None