queries	branchB	branchAChild2	branchC
branchAChild1	8.0	9.0	None
branchA	6.0	None	5.0
branchCChild1	4.0	3.0	None